~/psp$ ./startup-psp.sh

--- Apply exports... ---
DISPLAY=:0
__EGL_VENDOR_LIBRARY_FILENAMES=/usr/share/glvnd/egl_vendor.d/10_nvidia.json

=== PRE-FLIGHT Check ===
DISPLAY=:0
PSP_HOME=/home/ubuntu/psp

--- java ---
openjdk version "21.0.12.1" 2026-08-18 LTS
OpenJDK Runtime Environment Temurin-21.0.12.1+1 (build 21.0.12.1+1-LTS)

--- nvidia-smi ---
GPU:
Tesla T4, 595.91.07, 0x00, 15360 MiB, 14847 MiB, 0 %, 0 %, 1, 2026/09/17 12:12:00.016
Process:
# gpu         pid   type     sm    mem    enc    dec    jpg    ofa    command
# Idx           #    C/G      %      %      %      %      %      %    name
    0        894     G      -      -      -      -      -      -    Xorg

--- Check Xorg... ---
root         894  0.0  0.4 25424312 69064 tty7   Ssl+ 07:23   0:00 /usr/lib/xorg/Xorg :0 vt7 -config /etc/X11/xorg.conf -ac -noreset -nolisten tcp

--- glxinfo vendors ---
OpenGL vendor string: NVIDIA Corporation
OpenGL renderer string: Tesla T4/PCIe/SSE2

--- Kill previous processes... ---
--- Clear CEF cache... ---

=== Starting PSP... ===
JAVA_OPTS=-Xms512m -Xmx2g -Djava.awt.headless=false -Dtomcat.port=8080
12:12:01.492 [INFO] EntryPoint - Starting Streaming application...
12:12:01.495 [INFO] EntryPoint - Init CEF
[DefaultLoader] extract lib: jcef-lib-linux.jar
[DefaultLoader] extracted lib: /tmp/jcef_ubuntu/1394885461/jcef-lib-linux.jar
[DefaultLoader] initialized with path: /tmp/jcef_ubuntu/1394885461/extracted
[DefaultLoader] Load library jcef, libraryPath: /tmp/jcef_ubuntu/1394885461/extracted
12:12:01.804 [INFO] CefLoader - Cache folder: /home/ubuntu/psp/java/jcef/cache
12:12:01.804 [INFO] CefLoader - Linux OSR args are applied!
12:12:01.804 [INFO] CefLoader - args:
[--touch-events, --no-sandbox, --off-screen-rendering-enabled, --ozone-platform=x11, --disable-features=Vulkan,WebGPU]
[DefaultLoader] Load library cef, libraryPath: /tmp/jcef_ubuntu/1394885461/extracted
12:12:01.870 [INFO] CefLoader - Cef version:
JCEF Version = 143.0.14.352
CEF Version = 143.0.14
Chromium Version = 143.0.7499.193
initialize on Thread[#21,AWT-EventQueue-0,6,main] with library path /tmp/jcef_ubuntu/1394885461/extracted
[4932:5001:0917/121202.056253:ERROR:dbus/object_proxy.cc:573] Failed to call method: org.freedesktop.DBus.Properties.GetAll: object_path= /org/freedesktop/UPower/devices/DisplayDevice: org.freedesktop.DBus.Error.ServiceUnknown: The name org.freedesktop.UPower was not provided by any .service files
12:12:02.354 [INFO] EntryPoint - Init WebRTC
Linux OS is detected, HeadlessAudioDeviceModule is used.
12:12:02.535 [INFO] EntryPoint - Init WebSocket
12:12:02.729 [INFO] CommunicationService - The signaling SocketIOServer binding: 0.0.0.0:8095/signal
12:12:02.734 [INFO] SocketIOServer - Session store / pubsub factory used: MemoryStoreFactory (local session store only)
12:12:02.847 [INFO] CommunicationService - Signalling SocketIOServer started.
12:12:02.847 [INFO] SocketIOServer - SocketIO server started at port: 8095
12:12:02.847 [INFO] EntryPoint - Init Tomcat
12:12:02.949 [INFO] TomcatService - Web files path: /home/ubuntu/psp/psp.jar
Sep 17, 2026 12:12:03 PM org.apache.coyote.AbstractProtocol init
INFO: Initializing ProtocolHandler ["http-nio-8080"]
Sep 17, 2026 12:12:03 PM org.apache.catalina.core.StandardService startInternal
INFO: Starting service [Tomcat]
Sep 17, 2026 12:12:03 PM org.apache.catalina.core.StandardEngine startInternal
INFO: Starting Servlet engine: [Apache Tomcat/11.0.22]
Sep 17, 2026 12:12:03 PM org.apache.catalina.startup.ContextConfig getDefaultWebXmlFragment
INFO: No global web.xml found
Sep 17, 2026 12:12:04 PM org.apache.jasper.servlet.TldScanner scanJars
INFO: At least one JAR was scanned for TLDs yet contained no TLDs. Enable debug logging for this logger for a complete list of JARs that were scanned but no TLDs were found in them. Skipping unneeded JARs during scanning can improve startup time and JSP compilation time.
Sep 17, 2026 12:12:04 PM org.apache.coyote.AbstractProtocol start
INFO: Starting ProtocolHandler ["http-nio-8080"]
12:12:04.357 [INFO] TomcatService - Tomcat is started and listened on localhost, ports: [8080]
12:12:04.357 [INFO] EntryPoint - Streaming application is runnung.